\BOOKMARK [1][-]{section.1}{\376\377\137\025\212\000}{}% 1
\BOOKMARK [2][-]{subsection.1.1}{\376\377\127\372\126\340\177\026\217\221\135\345\121\167\213\276\213\241\116\055\166\204\230\204\155\113\116\016\164\006\211\343}{section.1}% 2
\BOOKMARK [2][-]{subsection.1.2}{\376\377\116\305\227\140\230\204\155\113\145\340\154\325\126\336\173\124\137\161\124\315\126\340\175\040\225\356\230\230}{section.1}% 3
\BOOKMARK [2][-]{subsection.1.3}{\376\377\116\316\000"\152\041\127\213\211\343\221\312\000"\122\060\000"\171\321\133\146\123\321\163\260\155\101\172\013\000"}{section.1}% 4
\BOOKMARK [2][-]{subsection.1.4}{\376\377\150\110\117\213\170\024\172\166\116\016\215\041\163\056\133\232\117\115}{section.1}% 5
\BOOKMARK [1][-]{section.2}{\376\377\147\120\145\231\116\016\145\271\154\325}{}% 6
\BOOKMARK [2][-]{subsection.2.1}{\376\377\136\163\123\360\140\073\117\123\147\266\147\204}{section.2}% 7
\BOOKMARK [2][-]{subsection.2.2}{\376\377\150\110\117\213\145\160\143\156\226\306}{section.2}% 8
\BOOKMARK [2][-]{subsection.2.3}{\376\377\162\171\137\201\210\150\171\072}{section.2}% 9
\BOOKMARK [2][-]{subsection.2.4}{\376\377\123\327\143\247\133\236\232\214\213\276\213\241}{section.2}% 10
\BOOKMARK [2][-]{subsection.2.5}{\376\377\152\041\127\213\116\016\137\122\126\340\145\271\154\325}{section.2}% 11
\BOOKMARK [2][-]{subsection.2.6}{\376\377\163\257\130\203\126\340\175\040\147\220\126\340\122\006\147\220}{section.2}% 12
\BOOKMARK [2][-]{subsection.2.7}{\376\377\176\337\213\241\145\271\154\325}{section.2}% 13
\BOOKMARK [2][-]{subsection.2.8}{\376\377\136\217\122\027\152\041\137\017\123\321\163\260}{section.2}% 14
\BOOKMARK [2][-]{subsection.2.9}{\376\377\213\301\143\156\145\164\124\010}{section.2}% 15
\BOOKMARK [2][-]{subsection.2.10}{\376\377\120\031\220\011\117\030\121\110\176\247\116\016\147\000\134\017\142\160\122\250\145\271\150\110}{section.2}% 16
\BOOKMARK [2][-]{subsection.2.11}{\376\377\217\157\116\366\116\016\123\357\131\015\163\260\140\047}{section.2}% 17
\BOOKMARK [1][-]{section.3}{\376\377\176\323\147\234}{}% 18
\BOOKMARK [2][-]{subsection.3.1}{\376\377\145\160\143\156\116\016\123\327\143\247\133\236\232\214\172\172\225\364}{section.3}% 19
\BOOKMARK [2][-]{subsection.3.2}{\376\377\230\204\155\113\117\341\123\367\123\312\121\166\217\271\165\114}{section.3}% 20
\BOOKMARK [2][-]{subsection.3.3}{\376\377\163\257\130\203\130\236\221\317\117\341\140\157\377\032\116\000\116\052\227\000\211\201\131\202\133\236\142\245\124\112\166\204\134\017\145\110\136\224\176\323\147\234}{section.3}% 21
\BOOKMARK [2][-]{subsection.3.4}{\376\377\131\032\152\041\127\213\136\217\122\027\137\122\126\340\143\007\124\021\000\040\000P\000A\000M\000\040\220\273\217\321\120\031\220\011\123\072\127\337}{section.3}% 22
\BOOKMARK [2][-]{subsection.3.5}{\376\377\131\032\134\072\136\246\000\040\000C\000N\000N\377\032\146\364\133\275\166\204\134\100\220\350\136\217\122\027\116\012\116\013\145\207\145\071\125\204\230\204\155\113}{section.3}% 23
\BOOKMARK [2][-]{subsection.3.6}{\376\377\120\031\220\011\136\217\122\027\152\041\137\017\123\312\121\166\176\337\213\241\145\057\143\001}{section.3}% 24
\BOOKMARK [2][-]{subsection.3.7}{\376\377\176\306\200\336\200\314\146\157\117\235\215\126\145\110\136\224}{section.3}% 25
\BOOKMARK [2][-]{subsection.3.8}{\376\377\213\301\143\156\145\164\124\010\116\016\120\031\220\011\117\030\121\110\176\247}{section.3}% 26
\BOOKMARK [1][-]{section.4}{\376\377\213\250\213\272}{}% 27
\BOOKMARK [2][-]{subsection.4.1}{\376\377\136\163\123\360\133\236\226\105\123\321\163\260\116\206\116\300\116\110}{section.4}% 28
\BOOKMARK [2][-]{subsection.4.2}{\376\377\116\072\116\300\116\110\131\032\152\041\127\213\213\301\143\156\153\324\123\125\152\041\127\213\146\364\123\357\117\341}{section.4}% 29
\BOOKMARK [2][-]{subsection.4.3}{\376\377\163\257\130\203\145\110\136\224\116\072\116\300\116\110\137\061\377\014\116\345\123\312\217\331\116\000\176\323\147\234\166\204\116\367\120\074}{section.4}% 30
\BOOKMARK [2][-]{subsection.4.4}{\376\377\173\054\000\040\0001\0008\000\040\117\115\176\323\147\234\141\017\124\163\167\100\116\300\116\110}{section.4}% 31
\BOOKMARK [2][-]{subsection.4.5}{\376\377\141\037\123\327\221\316\155\210\207\215\124\112\213\311\142\021\116\354\116\300\116\110}{section.4}% 32
\BOOKMARK [2][-]{subsection.4.6}{\376\377\116\072\116\300\116\110\176\306\200\336\200\314\146\157\137\305\230\173\210\253\136\372\152\041\200\014\116\015\146\057\210\253\136\163\127\107}{section.4}% 33
\BOOKMARK [2][-]{subsection.4.7}{\376\377\124\352\116\233\176\323\213\272\116\315\147\052\176\317\232\214\213\301}{section.4}% 34
\BOOKMARK [2][-]{subsection.4.8}{\376\377\131\202\117\125\165\061\153\144\213\276\213\241\124\016\176\355\133\236\232\214}{section.4}% 35
\BOOKMARK [2][-]{subsection.4.9}{\376\377\227\142\124\021\215\133\220\123\133\232\117\115\166\204\200\375\122\233\133\371\161\147}{section.4}% 36
\BOOKMARK [1][-]{section.5}{\376\377\134\100\226\120\140\047}{}% 37
\BOOKMARK [1][-]{section.6}{\376\377\176\323\213\272}{}% 38
\BOOKMARK [1][-]{section.7}{\376\377\147\052\147\145\133\236\232\214\232\214\213\301}{}% 39
\BOOKMARK [1][-]{section*.14}{\376\377\145\160\143\156\116\016\116\343\170\001\123\357\165\050\140\047}{}% 40
\BOOKMARK [1][-]{section*.15}{\376\377\117\134\200\005\215\041\163\056}{}% 41
\BOOKMARK [1][-]{section*.16}{\376\377\122\051\166\312\121\262\172\201\130\360\146\016}{}% 42
\BOOKMARK [1][-]{appendix.A}{\376\377\210\145\121\105\117\341\140\157}{}% 43
\BOOKMARK [2][-]{subsection.A.1}{\376\377\213\272\145\207\116\213\133\236\147\145\156\220\146\040\134\004}{appendix.A}% 44
